Thu 16 Dec 01:00:23 UTC 2021 (after the fact, by a few minutes)

 git $   git checkout main
Switched to branch 'main'

 git $   git branch
* main

 git $   cd ..

 git $   ls
wokwi.d  (and other returns)

 git $   cd wokwi.d/

 git $  ls
rev-00.d  (and other returns)

 git $   mkdir rev-01.d

 git $   cd rev-01.d/  # destination for new copies of old files - with edit histories intact.

 git $   cat ../THE.LOST.WORLD  # instrux that say how to make those copies
This file created: Sat 11 Dec 23:37:12 UTC 2021

wrt renaming/copying in git, preserving history

Record file copy operation with Git
Asked 12 years, 5 months ago

[ https://stackoverflow.com/questions/1043388/record-file-copy-operation-with-git ]

(The Lost World)

git checkout -b dup # create and switch to branch

git mv orig apple # make the duplicate
git commit -m "duplicate orig to apple"

git checkout HEAD~ orig # bring back the original
git commit -m "restore orig"

git checkout - # switch back to source branch
git merge --no-ff dup # merge dup into source branch


END.

 git $  git branch
  dvlp-aa
* main

 git $  git checkout -b develop
Switched to a new branch 'develop'

 git $   git mv ../rev-00.d/shift_register_wokwi_bb.ino   ../rev-01.d/shift_register_wokwi_cc.ino 

 git $   git mv ../rev-00.d/n_wokwi-rp2040-sreg-ee-rot-180.json   \
>               ../rev-01.d/wokwi-rp2040-sreg-ff.json 

 git $   git mv ../rev-00.d/WHAT.THIS.IS.md  ../rev-01.d/WHAT.THIS.IS.md 

 git $   git commit -m 'duplicate three files to rev-01.d'
[develop 66f880e] duplicate three files to rev-01.d
 3 files changed, 0 insertions(+), 0 deletions(-)
 rename ardn/sreg/shf_reg_gg/wokwi.d/{rev-00.d => rev-01.d}/WHAT.THIS.IS.md (100%)
 rename ardn/sreg/shf_reg_gg/wokwi.d/{rev-00.d/shift_register_wokwi_bb.ino => rev-01.d/shift_register_wokwi_cc.ino} (100%)
 rename ardn/sreg/shf_reg_gg/wokwi.d/{rev-00.d/n_wokwi-rp2040-sreg-ee-rot-180.json => rev-01.d/wokwi-rp2040-sreg-ff.json} (100%)

 git $  git checkout HEAD~ dvlp-aa
error: pathspec 'dvlp-aa' did not match any file(s) known to git

 git $  git checkout HEAD~  ../rev-00.d/shift_register_wokwi_bb.ino
Updated 1 path from 2fd8584

 git $  git checkout HEAD~  ../rev-00.d/n_wokwi-rp2040-sreg-ee-rot-180.json
Updated 1 path from 2fd8584

 git $  git checkout HEAD~  ../rev-00.d/WHAT.THIS.IS.md
Updated 1 path from 2fd8584

 git $  git commit -m 'restore three files to rev-00.d'
[develop 6640ce6] restore three files to rev-00.d
 3 files changed, 794 insertions(+)
 create mode 100644 ardn/sreg/shf_reg_gg/wokwi.d/rev-00.d/WHAT.THIS.IS.md
 create mode 100644 ardn/sreg/shf_reg_gg/wokwi.d/rev-00.d/n_wokwi-rp2040-sreg-ee-rot-180.json
 create mode 100644 ardn/sreg/shf_reg_gg/wokwi.d/rev-00.d/shift_register_wokwi_bb.ino

 git $  git checkout -
Switched to branch 'main'

 git $ git merge --no-ff develop
fatal: Unable to read current working directory: No such file or directory

 git $  pwd
/some/path/to/tkm0_7seg-b/ardn/sreg/shf_reg_gg/wokwi.d/rev-01.d

 git $   cd ..

 git $   git merge --no-ff develop
Merge made by the 'recursive' strategy.
 ardn/sreg/shf_reg_gg/wokwi.d/rev-01.d/WHAT.THIS.IS.md             |  71 +++++
 ardn/sreg/shf_reg_gg/wokwi.d/rev-01.d/shift_register_wokwi_cc.ino | 438 +++++++++++++++++++++++++++++++
 ardn/sreg/shf_reg_gg/wokwi.d/rev-01.d/wokwi-rp2040-sreg-ff.json   | 285 ++++++++++++++++++++
 3 files changed, 794 insertions(+)
 create mode 100644 ardn/sreg/shf_reg_gg/wokwi.d/rev-01.d/WHAT.THIS.IS.md
 create mode 100644 ardn/sreg/shf_reg_gg/wokwi.d/rev-01.d/shift_register_wokwi_cc.ino
 create mode 100644 ardn/sreg/shf_reg_gg/wokwi.d/rev-01.d/wokwi-rp2040-sreg-ff.json

 git $  pwd
/some/path/to/tkm0_7seg-b/ardn/sreg/shf_reg_gg/wokwi.d

 git $  git branch
  develop
  dvlp-aa
* main

 git $  git checkout dvlp-aa
Switched to branch 'dvlp-aa'
Your branch is up to date with 'origin/dvlp-aa'.

 git $  git checkout -b dvlp-aa--test-delte
Switched to a new branch 'dvlp-aa--test-delte'

 git $   git branch
* dvlp-aa--test-delte

 git $  cd ../some/path/to/tkm0_7seg-b/ardn/ # faked here

# intent is to cd to a directory that exists in the current branch.

 git $  git branch
* dvlp-aa--test-delte

 git $  git merge main
Updating e878d7f..d9e9fee
Fast-forward
 ardn/sreg/shf_reg_gg/wokwi.d/rev-01.d/WHAT.THIS.IS.md             |  71 +++++
 ardn/sreg/shf_reg_gg/wokwi.d/rev-01.d/shift_register_wokwi_cc.ino | 438 +++++++++++++++++++++++++++++++
 ardn/sreg/shf_reg_gg/wokwi.d/rev-01.d/wokwi-rp2040-sreg-ff.json   | 285 ++++++++++++++++++++
 3 files changed, 794 insertions(+)
 create mode 100644 ardn/sreg/shf_reg_gg/wokwi.d/rev-01.d/WHAT.THIS.IS.md
 create mode 100644 ardn/sreg/shf_reg_gg/wokwi.d/rev-01.d/shift_register_wokwi_cc.ino
 create mode 100644 ardn/sreg/shf_reg_gg/wokwi.d/rev-01.d/wokwi-rp2040-sreg-ff.json

 git $  gitk

 git $  git branch
* dvlp-aa--test-delte

 git $   git checkout dvlp-aa
Switched to branch 'dvlp-aa'
Your branch is up to date with 'origin/dvlp-aa'.

 git $   git branch
* dvlp-aa

 git $  git merge main
Updating e878d7f..d9e9fee
Fast-forward
 ardn/sreg/shf_reg_gg/wokwi.d/rev-01.d/WHAT.THIS.IS.md             |  71 +++++
 ardn/sreg/shf_reg_gg/wokwi.d/rev-01.d/shift_register_wokwi_cc.ino | 438 +++++++++++++++++++++++++++++++
 ardn/sreg/shf_reg_gg/wokwi.d/rev-01.d/wokwi-rp2040-sreg-ff.json   | 285 ++++++++++++++++++++
 3 files changed, 794 insertions(+)
 create mode 100644 ardn/sreg/shf_reg_gg/wokwi.d/rev-01.d/WHAT.THIS.IS.md
 create mode 100644 ardn/sreg/shf_reg_gg/wokwi.d/rev-01.d/shift_register_wokwi_cc.ino
 create mode 100644 ardn/sreg/shf_reg_gg/wokwi.d/rev-01.d/wokwi-rp2040-sreg-ff.json

 git $  git branch -D develop 
Deleted branch develop (was 6640ce6).

That fairly well documents multiple file copy-with-history
within a single session.

The trick: to use 'HEAD~' where it is shown more than once,
in sequence, without intervening commands:

Exhibit

     git $  git checkout HEAD~  ../rev-00.d/shift_register_wokwi_bb.ino
    Updated 1 path from 2fd8584

     git $  git checkout HEAD~  ../rev-00.d/n_wokwi-rp2040-sreg-ee-rot-180.json
    Updated 1 path from 2fd8584

     git $  git checkout HEAD~  ../rev-00.d/WHAT.THIS.IS.md
    Updated 1 path from 2fd8584

You can do all files in one go, as shown above.  No problem at all.

Only these three branches matter here; the others are
suppressed in all the above uses of 'git branch':

 git $  git branch
  develop
  dvlp-aa
* main

Any temporary test branches are suppressed, for the most part.

END.
